// Jest Snapshot v1, https://goo.gl/fbAQLP

exports[`getBoxToBoxArrow it computes an arrow between boxes 1`] = `
Array [
  16.998771579411137,
  20,
  10.00967924961919,
  22.297491317501688,
  9.372170356561488,
  29.626847384689622,
  1.657558170923205,
  -0.3175975871051429,
  0.7853981633974483,
]
`;

exports[`getBoxToBoxArrow it computes an arrow between boxes with straights disabled 1`] = `
Array [
  16.998771579411137,
  20,
  10.00967924961919,
  22.297491317501688,
  9.372170356561488,
  29.626847384689622,
  1.657558170923205,
  -0.3175975871051429,
  0.7853981633974483,
]
`;

exports[`getBoxToBoxArrow it computes an arrow from a box back to itself 1`] = `
Array [
  15,
  15,
  15,
  15,
  15,
  15,
  0,
  0,
  0,
]
`;

exports[`getBoxToBoxArrow it computes an arrow from a box back to itsself 1`] = `
Array [
  15,
  15,
  15,
  15,
  15,
  0,
  0,
]
`;

exports[`getBoxToBoxArrow it computes an arrow from a large box to a small box 1`] = `
Array [
  586,
  295.93718299673003,
  520.8300106433346,
  174.50489816553963,
  598.3990201776703,
  60.59275626691061,
  -0.9729671207857604,
  1.0782389351990478,
  5.784980398202609,
]
`;
